
Merging program properties

Removed property 0xc0000002 to merge build/main.o (0x3) and build/kernel.o (not found)
Removed property 0xc0000002 to merge build/main.o (not found) and build/debug.o (0x3)
Removed property 0xc0000002 to merge build/main.o (not found) and build/memory.o (0x3)
Removed property 0xc0000002 to merge build/main.o (not found) and build/bitmap.o (0x3)
Removed property 0xc0000002 to merge build/main.o (not found) and build/string.o (0x3)
Removed property 0xc0000002 to merge build/main.o (not found) and build/thread.o (0x3)
Removed property 0xc0000002 to merge build/main.o (not found) and build/list.o (0x3)
Removed property 0xc0000002 to merge build/main.o (not found) and build/console.o (0x3)
Removed property 0xc0000002 to merge build/main.o (not found) and build/sync.o (0x3)
Removed property 0xc0000002 to merge build/main.o (not found) and build/keyboard.o (0x3)
Removed property 0xc0000002 to merge build/main.o (not found) and build/ioqueue.o (0x3)
Removed property 0xc0000002 to merge build/main.o (not found) and build/tss.o (0x3)
Removed property 0xc0000002 to merge build/main.o (not found) and build/process.o (0x3)
Removed property 0xc0000002 to merge build/main.o (not found) and build/syscall.o (0x3)
Removed property 0xc0000002 to merge build/main.o (not found) and build/syscall-init.o (0x3)
Removed property 0xc0000002 to merge build/main.o (not found) and build/stdio.o (0x3)
Removed property 0xc0000002 to merge build/main.o (not found) and build/ide.o (0x3)
Removed property 0xc0000002 to merge build/main.o (not found) and build/stdio-kernel.o (0x3)
Removed property 0xc0000002 to merge build/main.o (not found) and build/fs.o (0x3)
Removed property 0xc0000002 to merge build/main.o (not found) and build/inode.o (0x3)
Removed property 0xc0000002 to merge build/main.o (not found) and build/file.o (0x3)
Removed property 0xc0000002 to merge build/main.o (not found) and build/dir.o (0x3)
Removed property 0xc0000002 to merge build/main.o (not found) and build/fork.o (0x3)
Removed property 0xc0000002 to merge build/main.o (not found) and build/shell.o (0x3)
Removed property 0xc0000002 to merge build/main.o (not found) and build/buildin_cmd.o (0x3)
Removed property 0xc0000002 to merge build/main.o (not found) and build/exec.o (0x3)

Allocating common symbols
Common symbol       size              file

argv                0x40              build/shell.o
kbd_buf             0x6c              build/keyboard.o
root_dir            0x208             build/dir.o
thread_ready_list   0x10              build/thread.o
thread_all_list     0x10              build/thread.o
user_pool           0x2c              build/memory.o
channel_cnt         0x1               build/ide.o
k_block_desc        0xa8              build/memory.o
cur_part            0x4               build/fs.o
idle_thread         0x4               build/thread.o
intr_name           0x204             build/interrupt.o
main_thread         0x4               build/thread.o
channels            0xcc0             build/ide.o
ticks               0x4               build/timer.o
kernel_vaddr        0xc               build/memory.o
syscall_table       0x80              build/syscall-init.o
thread_tag          0x4               build/thread.o
idt_table           0x204             build/interrupt.o
file_table          0x180             build/file.o
partition_list      0x10              build/ide.o
kernel_pool         0x2c              build/memory.o
pid_lock            0x1c              build/thread.o

Discarded input sections

 .group         0x0000000000000000        0x8 build/main.o
 .note.GNU-stack
                0x0000000000000000        0x0 build/main.o
 .note.gnu.property
                0x0000000000000000       0x1c build/main.o
 .group         0x0000000000000000        0x8 build/init.o
 .text.__x86.get_pc_thunk.bx
                0x0000000000000000        0x4 build/init.o
 .note.GNU-stack
                0x0000000000000000        0x0 build/init.o
 .note.gnu.property
                0x0000000000000000       0x1c build/init.o
 .group         0x0000000000000000        0x8 build/interrupt.o
 .group         0x0000000000000000        0x8 build/interrupt.o
 .text.__x86.get_pc_thunk.bx
                0x0000000000000000        0x4 build/interrupt.o
 .note.GNU-stack
                0x0000000000000000        0x0 build/interrupt.o
 .note.gnu.property
                0x0000000000000000       0x1c build/interrupt.o
 .group         0x0000000000000000        0x8 build/timer.o
 .group         0x0000000000000000        0x8 build/timer.o
 .group         0x0000000000000000        0x8 build/timer.o
 .text.__x86.get_pc_thunk.ax
                0x0000000000000000        0x4 build/timer.o
 .text.__x86.get_pc_thunk.bx
                0x0000000000000000        0x4 build/timer.o
 .note.GNU-stack
                0x0000000000000000        0x0 build/timer.o
 .note.gnu.property
                0x0000000000000000       0x1c build/timer.o
 .group         0x0000000000000000        0x8 build/debug.o
 .text.__x86.get_pc_thunk.bx
                0x0000000000000000        0x4 build/debug.o
 .note.GNU-stack
                0x0000000000000000        0x0 build/debug.o
 .note.gnu.property
                0x0000000000000000       0x1c build/debug.o
 .group         0x0000000000000000        0x8 build/memory.o
 .group         0x0000000000000000        0x8 build/memory.o
 .text.__x86.get_pc_thunk.ax
                0x0000000000000000        0x4 build/memory.o
 .text.__x86.get_pc_thunk.bx
                0x0000000000000000        0x4 build/memory.o
 .note.GNU-stack
                0x0000000000000000        0x0 build/memory.o
 .note.gnu.property
                0x0000000000000000       0x1c build/memory.o
 .group         0x0000000000000000        0x8 build/bitmap.o
 .text.__x86.get_pc_thunk.ax
                0x0000000000000000        0x4 build/bitmap.o
 .note.GNU-stack
                0x0000000000000000        0x0 build/bitmap.o
 .note.gnu.property
                0x0000000000000000       0x1c build/bitmap.o
 .group         0x0000000000000000        0x8 build/string.o
 .text.__x86.get_pc_thunk.ax
                0x0000000000000000        0x4 build/string.o
 .note.GNU-stack
                0x0000000000000000        0x0 build/string.o
 .note.gnu.property
                0x0000000000000000       0x1c build/string.o
 .group         0x0000000000000000        0x8 build/thread.o
 .group         0x0000000000000000        0x8 build/thread.o
 .group         0x0000000000000000        0x8 build/thread.o
 .text.__x86.get_pc_thunk.ax
                0x0000000000000000        0x4 build/thread.o
 .text.__x86.get_pc_thunk.bx
                0x0000000000000000        0x4 build/thread.o
 .note.GNU-stack
                0x0000000000000000        0x0 build/thread.o
 .note.gnu.property
                0x0000000000000000       0x1c build/thread.o
 .group         0x0000000000000000        0x8 build/list.o
 .group         0x0000000000000000        0x8 build/list.o
 .text.__x86.get_pc_thunk.ax
                0x0000000000000000        0x4 build/list.o
 .text.__x86.get_pc_thunk.bx
                0x0000000000000000        0x4 build/list.o
 .note.GNU-stack
                0x0000000000000000        0x0 build/list.o
 .note.gnu.property
                0x0000000000000000       0x1c build/list.o
 .group         0x0000000000000000        0x8 build/console.o
 .group         0x0000000000000000        0x8 build/console.o
 .text.__x86.get_pc_thunk.ax
                0x0000000000000000        0x4 build/console.o
 .text.__x86.get_pc_thunk.bx
                0x0000000000000000        0x4 build/console.o
 .note.GNU-stack
                0x0000000000000000        0x0 build/console.o
 .note.gnu.property
                0x0000000000000000       0x1c build/console.o
 .group         0x0000000000000000        0x8 build/sync.o
 .group         0x0000000000000000        0x8 build/sync.o
 .text.__x86.get_pc_thunk.ax
                0x0000000000000000        0x4 build/sync.o
 .text.__x86.get_pc_thunk.bx
                0x0000000000000000        0x4 build/sync.o
 .note.GNU-stack
                0x0000000000000000        0x0 build/sync.o
 .note.gnu.property
                0x0000000000000000       0x1c build/sync.o
 .group         0x0000000000000000        0x8 build/keyboard.o
 .group         0x0000000000000000        0x8 build/keyboard.o
 .text.__x86.get_pc_thunk.ax
                0x0000000000000000        0x4 build/keyboard.o
 .text.__x86.get_pc_thunk.bx
                0x0000000000000000        0x4 build/keyboard.o
 .note.GNU-stack
                0x0000000000000000        0x0 build/keyboard.o
 .note.gnu.property
                0x0000000000000000       0x1c build/keyboard.o
 .group         0x0000000000000000        0x8 build/ioqueue.o
 .group         0x0000000000000000        0x8 build/ioqueue.o
 .text.__x86.get_pc_thunk.ax
                0x0000000000000000        0x4 build/ioqueue.o
 .text.__x86.get_pc_thunk.bx
                0x0000000000000000        0x4 build/ioqueue.o
 .note.GNU-stack
                0x0000000000000000        0x0 build/ioqueue.o
 .note.gnu.property
                0x0000000000000000       0x1c build/ioqueue.o
 .group         0x0000000000000000        0x8 build/tss.o
 .group         0x0000000000000000        0x8 build/tss.o
 .text.__x86.get_pc_thunk.ax
                0x0000000000000000        0x4 build/tss.o
 .text.__x86.get_pc_thunk.bx
                0x0000000000000000        0x4 build/tss.o
 .note.GNU-stack
                0x0000000000000000        0x0 build/tss.o
 .note.gnu.property
                0x0000000000000000       0x1c build/tss.o
 .group         0x0000000000000000        0x8 build/process.o
 .group         0x0000000000000000        0x8 build/process.o
 .text.__x86.get_pc_thunk.ax
                0x0000000000000000        0x4 build/process.o
 .text.__x86.get_pc_thunk.bx
                0x0000000000000000        0x4 build/process.o
 .note.GNU-stack
                0x0000000000000000        0x0 build/process.o
 .note.gnu.property
                0x0000000000000000       0x1c build/process.o
 .group         0x0000000000000000        0x8 build/syscall.o
 .text.__x86.get_pc_thunk.ax
                0x0000000000000000        0x4 build/syscall.o
 .note.GNU-stack
                0x0000000000000000        0x0 build/syscall.o
 .note.gnu.property
                0x0000000000000000       0x1c build/syscall.o
 .group         0x0000000000000000        0x8 build/syscall-init.o
 .group         0x0000000000000000        0x8 build/syscall-init.o
 .text.__x86.get_pc_thunk.ax
                0x0000000000000000        0x4 build/syscall-init.o
 .text.__x86.get_pc_thunk.bx
                0x0000000000000000        0x4 build/syscall-init.o
 .note.GNU-stack
                0x0000000000000000        0x0 build/syscall-init.o
 .note.gnu.property
                0x0000000000000000       0x1c build/syscall-init.o
 .group         0x0000000000000000        0x8 build/stdio.o
 .group         0x0000000000000000        0x8 build/stdio.o
 .text.__x86.get_pc_thunk.ax
                0x0000000000000000        0x4 build/stdio.o
 .text.__x86.get_pc_thunk.bx
                0x0000000000000000        0x4 build/stdio.o
 .note.GNU-stack
                0x0000000000000000        0x0 build/stdio.o
 .note.gnu.property
                0x0000000000000000       0x1c build/stdio.o
 .group         0x0000000000000000        0x8 build/ide.o
 .group         0x0000000000000000        0x8 build/ide.o
 .text.__x86.get_pc_thunk.ax
                0x0000000000000000        0x4 build/ide.o
 .text.__x86.get_pc_thunk.bx
                0x0000000000000000        0x4 build/ide.o
 .note.GNU-stack
                0x0000000000000000        0x0 build/ide.o
 .note.gnu.property
                0x0000000000000000       0x1c build/ide.o
 .group         0x0000000000000000        0x8 build/stdio-kernel.o
 .text.__x86.get_pc_thunk.bx
                0x0000000000000000        0x4 build/stdio-kernel.o
 .note.GNU-stack
                0x0000000000000000        0x0 build/stdio-kernel.o
 .note.gnu.property
                0x0000000000000000       0x1c build/stdio-kernel.o
 .group         0x0000000000000000        0x8 build/fs.o
 .group         0x0000000000000000        0x8 build/fs.o
 .text.__x86.get_pc_thunk.ax
                0x0000000000000000        0x4 build/fs.o
 .text.__x86.get_pc_thunk.bx
                0x0000000000000000        0x4 build/fs.o
 .note.GNU-stack
                0x0000000000000000        0x0 build/fs.o
 .note.gnu.property
                0x0000000000000000       0x1c build/fs.o
 .group         0x0000000000000000        0x8 build/inode.o
 .group         0x0000000000000000        0x8 build/inode.o
 .text.__x86.get_pc_thunk.ax
                0x0000000000000000        0x4 build/inode.o
 .text.__x86.get_pc_thunk.bx
                0x0000000000000000        0x4 build/inode.o
 .note.GNU-stack
                0x0000000000000000        0x0 build/inode.o
 .note.gnu.property
                0x0000000000000000       0x1c build/inode.o
 .group         0x0000000000000000        0x8 build/file.o
 .group         0x0000000000000000        0x8 build/file.o
 .group         0x0000000000000000        0x8 build/file.o
 .text.__x86.get_pc_thunk.ax
                0x0000000000000000        0x4 build/file.o
 .text.__x86.get_pc_thunk.dx
                0x0000000000000000        0x4 build/file.o
 .text.__x86.get_pc_thunk.bx
                0x0000000000000000        0x4 build/file.o
 .note.GNU-stack
                0x0000000000000000        0x0 build/file.o
 .note.gnu.property
                0x0000000000000000       0x1c build/file.o
 .group         0x0000000000000000        0x8 build/dir.o
 .group         0x0000000000000000        0x8 build/dir.o
 .text.__x86.get_pc_thunk.ax
                0x0000000000000000        0x4 build/dir.o
 .text.__x86.get_pc_thunk.bx
                0x0000000000000000        0x4 build/dir.o
 .note.GNU-stack
                0x0000000000000000        0x0 build/dir.o
 .note.gnu.property
                0x0000000000000000       0x1c build/dir.o
 .group         0x0000000000000000        0x8 build/fork.o
 .group         0x0000000000000000        0x8 build/fork.o
 .group         0x0000000000000000        0x8 build/fork.o
 .text.__x86.get_pc_thunk.ax
                0x0000000000000000        0x4 build/fork.o
 .text.__x86.get_pc_thunk.cx
                0x0000000000000000        0x4 build/fork.o
 .text.__x86.get_pc_thunk.bx
                0x0000000000000000        0x4 build/fork.o
 .note.GNU-stack
                0x0000000000000000        0x0 build/fork.o
 .note.gnu.property
                0x0000000000000000       0x1c build/fork.o
 .group         0x0000000000000000        0x8 build/shell.o
 .group         0x0000000000000000        0x8 build/shell.o
 .text.__x86.get_pc_thunk.ax
                0x0000000000000000        0x4 build/shell.o
 .text.__x86.get_pc_thunk.bx
                0x0000000000000000        0x4 build/shell.o
 .note.GNU-stack
                0x0000000000000000        0x0 build/shell.o
 .note.gnu.property
                0x0000000000000000       0x1c build/shell.o
 .group         0x0000000000000000        0x8 build/buildin_cmd.o
 .group         0x0000000000000000        0x8 build/buildin_cmd.o
 .text.__x86.get_pc_thunk.ax
                0x0000000000000000        0x4 build/buildin_cmd.o
 .text.__x86.get_pc_thunk.bx
                0x0000000000000000        0x4 build/buildin_cmd.o
 .note.GNU-stack
                0x0000000000000000        0x0 build/buildin_cmd.o
 .note.gnu.property
                0x0000000000000000       0x1c build/buildin_cmd.o
 .group         0x0000000000000000        0x8 build/exec.o
 .text.__x86.get_pc_thunk.bx
                0x0000000000000000        0x4 build/exec.o
 .note.GNU-stack
                0x0000000000000000        0x0 build/exec.o
 .note.gnu.property
                0x0000000000000000       0x1c build/exec.o

Memory Configuration

Name             Origin             Length             Attributes
*default*        0x0000000000000000 0xffffffffffffffff

Linker script and memory map

Address of section .text set to 0xc0001500
LOAD build/main.o
LOAD build/init.o
LOAD build/interrupt.o
LOAD build/timer.o
LOAD build/kernel.o
LOAD build/print.o
LOAD build/debug.o
LOAD build/memory.o
LOAD build/bitmap.o
LOAD build/string.o
LOAD build/thread.o
LOAD build/list.o
LOAD build/switch.o
LOAD build/console.o
LOAD build/sync.o
LOAD build/keyboard.o
LOAD build/ioqueue.o
LOAD build/tss.o
LOAD build/process.o
LOAD build/syscall.o
LOAD build/syscall-init.o
LOAD build/stdio.o
LOAD build/ide.o
LOAD build/stdio-kernel.o
LOAD build/fs.o
LOAD build/inode.o
LOAD build/file.o
LOAD build/dir.o
LOAD build/fork.o
LOAD build/shell.o
LOAD build/buildin_cmd.o
LOAD build/exec.o
                [!provide]                        PROVIDE (__executable_start = SEGMENT_START ("text-segment", 0x8048000))
                0x00000000080480d4                . = (SEGMENT_START ("text-segment", 0x8048000) + SIZEOF_HEADERS)

.interp
 *(.interp)

.note.gnu.build-id
 *(.note.gnu.build-id)

.hash
 *(.hash)

.gnu.hash
 *(.gnu.hash)

.dynsym
 *(.dynsym)

.dynstr
 *(.dynstr)

.gnu.version
 *(.gnu.version)

.gnu.version_d
 *(.gnu.version_d)

.gnu.version_r
 *(.gnu.version_r)

.rel.dyn        0x00000000080480d4        0x0
 *(.rel.init)
 *(.rel.text .rel.text.* .rel.gnu.linkonce.t.*)
 .rel.text      0x00000000080480d4        0x0 build/main.o
 *(.rel.fini)
 *(.rel.rodata .rel.rodata.* .rel.gnu.linkonce.r.*)
 *(.rel.data.rel.ro .rel.data.rel.ro.* .rel.gnu.linkonce.d.rel.ro.*)
 *(.rel.data .rel.data.* .rel.gnu.linkonce.d.*)
 *(.rel.tdata .rel.tdata.* .rel.gnu.linkonce.td.*)
 *(.rel.tbss .rel.tbss.* .rel.gnu.linkonce.tb.*)
 *(.rel.ctors)
 *(.rel.dtors)
 *(.rel.got)
 .rel.got       0x00000000080480d4        0x0 build/main.o
 *(.rel.bss .rel.bss.* .rel.gnu.linkonce.b.*)
 *(.rel.ifunc)

.rel.plt        0x00000000080480d4        0x0
 *(.rel.plt)
                [!provide]                        PROVIDE (__rel_iplt_start = .)
 *(.rel.iplt)
 .rel.iplt      0x00000000080480d4        0x0 build/main.o
                [!provide]                        PROVIDE (__rel_iplt_end = .)
                0x0000000008049000                . = ALIGN (CONSTANT (MAXPAGESIZE))

.init
 *(SORT_NONE(.init))

.plt            0x0000000008049000        0x0
 *(.plt)
 *(.iplt)
 .iplt          0x0000000008049000        0x0 build/main.o

.plt.got
 *(.plt.got)

.plt.sec
 *(.plt.sec)

.text           0x00000000c0001500     0xcc07
 *(.text.unlikely .text.*_unlikely .text.unlikely.*)
 *(.text.exit .text.exit.*)
 *(.text.startup .text.startup.*)
 *(.text.hot .text.hot.*)
 *(SORT_BY_NAME(.text.sorted.*))
 *(.text .stub .text.* .gnu.linkonce.t.*)
 .text          0x00000000c0001500      0x114 build/main.o
                0x00000000c0001500                main
                0x00000000c0001560                init
                0x00000000c00015b3                test
 .text.__x86.get_pc_thunk.bx
                0x00000000c0001614        0x4 build/main.o
                0x00000000c0001614                __x86.get_pc_thunk.bx
 .text          0x00000000c0001618       0x60 build/init.o
                0x00000000c0001618                init_all
 .text          0x00000000c0001678      0x5d5 build/interrupt.o
                0x00000000c0001967                register_handler
                0x00000000c0001b06                intr_enable
                0x00000000c0001b3c                intr_disable
                0x00000000c0001b72                intr_set_status
                0x00000000c0001b9a                intr_get_status
                0x00000000c0001bcc                idt_init
 .text.__x86.get_pc_thunk.ax
                0x00000000c0001c4d        0x4 build/interrupt.o
                0x00000000c0001c4d                __x86.get_pc_thunk.ax
 .text          0x00000000c0001c51      0x26f build/timer.o
                0x00000000c0001dee                mtime_sleep
                0x00000000c0001e54                timer_init
 .text.__x86.get_pc_thunk.cx
                0x00000000c0001ec0        0x4 build/timer.o
                0x00000000c0001ec0                __x86.get_pc_thunk.cx
 *fill*         0x00000000c0001ec4        0xc 
 .text          0x00000000c0001ed0      0x55b build/kernel.o
                0x00000000c0001ed0                intr_exit
                0x00000000c0002407                syscall_handler
 *fill*         0x00000000c000242b        0x5 
 .text          0x00000000c0002430      0x1b5 build/print.o
                0x00000000c0002430                put_str
                0x00000000c0002451                put_char
                0x00000000c000251f                put_int
                0x00000000c0002582                set_cursor
                0x00000000c00025a6                cls_screen
 .text          0x00000000c00025e5       0xf8 build/debug.o
                0x00000000c00025e5                panic_spin
 .text          0x00000000c00026dd     0x1414 build/memory.o
                0x00000000c000280e                pte_ptr
                0x00000000c000284c                pde_ptr
                0x00000000c0002a1c                malloc_page
                0x00000000c0002af5                get_kernel_pages
                0x00000000c0002b2e                get_user_pages
                0x00000000c0002ba0                get_a_page
                0x00000000c0002d2e                addr_v2p
                0x00000000c0002d68                get_a_page_without_opvaddrbitmap
                0x00000000c00030c8                block_desc_init
                0x00000000c00031b3                sys_malloc
                0x00000000c000351c                mem_init
                0x00000000c0003586                pfree
                0x00000000c0003704                mfree_page
                0x00000000c0003907                sys_free
 .text          0x00000000c0003af1      0x27e build/bitmap.o
                0x00000000c0003af1                bitmap_init
                0x00000000c0003b28                bitmap_scan_test
                0x00000000c0003b76                bitmap_scan
                0x00000000c0003ca3                bitmap_set
 .text          0x00000000c0003d6f      0x4d2 build/string.o
                0x00000000c0003d6f                memset
                0x00000000c0003ddc                memcpy
                0x00000000c0003e57                memcmp
                0x00000000c0003ef4                strcpy
                0x00000000c0003f63                strlen
                0x00000000c0003fc4                strcmp
                0x00000000c0004057                strchr
                0x00000000c00040c9                strrchr
                0x00000000c0004141                strcat
                0x00000000c00041c5                strchrs
 .text          0x00000000c0004241      0xbc5 build/thread.o
                0x00000000c00042bd                fork_pid
                0x00000000c00042d8                running_thread
                0x00000000c00042fb                kernel_thread
                0x00000000c000432b                thread_create
                0x00000000c00043b3                init_thread
                0x00000000c00044ce                thread_start
                0x00000000c0004673                schedule
                0x00000000c00047b1                thread_block
                0x00000000c000482d                thread_unblock
                0x00000000c0004952                thread_yield
                0x00000000c00049f3                thread_init
                0x00000000c0004da7                sys_ps
 .text.__x86.get_pc_thunk.dx
                0x00000000c0004e06        0x4 build/thread.o
                0x00000000c0004e06                __x86.get_pc_thunk.dx
 .text          0x00000000c0004e0a      0x269 build/list.o
                0x00000000c0004e0a                list_init
                0x00000000c0004e32                list_empty
                0x00000000c0004e58                list_insert
                0x00000000c0004eb2                list_push
                0x00000000c0004edd                list_append
                0x00000000c0004f09                list_remove
                0x00000000c0004f56                list_pop
                0x00000000c0004f85                elem_find
                0x00000000c0004fcc                list_traversal
                0x00000000c0005032                list_len
 *fill*         0x00000000c0005073        0xd 
 .text          0x00000000c0005080       0x15 build/switch.o
                0x00000000c0005080                switch_to
 .text          0x00000000c0005095      0x131 build/console.o
                0x00000000c0005095                console_init
                0x00000000c00050c4                console_acquire
                0x00000000c00050f3                console_release
                0x00000000c0005122                console_put_str
                0x00000000c0005156                console_put_char
                0x00000000c0005192                console_put_int
 .text          0x00000000c00051c6      0x3a7 build/sync.o
                0x00000000c00051c6                sema_init
                0x00000000c0005204                lock_init
                0x00000000c0005242                sema_down
                0x00000000c0005362                sema_up
                0x00000000c0005430                lock_acquire
                0x00000000c00054ba                lock_release
 .text          0x00000000c000556d      0x346 build/keyboard.o
                0x00000000c000584d                keyboard_init
 .text          0x00000000c00058b3      0x3a2 build/ioqueue.o
                0x00000000c00058b3                ioqueue_init
                0x00000000c0005935                ioq_full
                0x00000000c0005ab0                ioq_getchar
                0x00000000c0005b81                ioq_putchar
 .text          0x00000000c0005c55      0x1c1 build/tss.o
                0x00000000c0005c55                update_tss_esp
                0x00000000c0005cee                tss_init
 .text          0x00000000c0005e16      0x418 build/process.o
                0x00000000c0005e16                start_process
                0x00000000c0005f2e                page_dir_activate
                0x00000000c0005f77                process_activate
                0x00000000c0005fde                create_page_dir
                0x00000000c000606b                create_user_vaddr_bitmap
                0x00000000c00060c8                process_execute
 .text          0x00000000c000622e      0x404 build/syscall.o
                0x00000000c000622e                getpid
                0x00000000c0006251                write
                0x00000000c0006282                read
                0x00000000c00062b3                malloc
                0x00000000c00062e0                free
                0x00000000c000630b                fork
                0x00000000c000632e                putchar
                0x00000000c0006360                clear
                0x00000000c0006381                getcwd
                0x00000000c00063b1                open
                0x00000000c00063e8                close
                0x00000000c0006415                lseek
                0x00000000c000644d                unlink
                0x00000000c000647a                mkdir
                0x00000000c00064a7                opendir
                0x00000000c00064d4                closedir
                0x00000000c0006501                rmdir
                0x00000000c000652e                readdir
                0x00000000c000655b                rewinddir
                0x00000000c0006586                stat
                0x00000000c00065b6                chdir
                0x00000000c00065e3                ps
                0x00000000c0006604                execv
 .text          0x00000000c0006632      0x1c1 build/syscall-init.o
                0x00000000c0006632                sys_getpid
                0x00000000c000665b                syscall_init
 .text          0x00000000c00067f3      0x2f1 build/stdio.o
                0x00000000c0006888                vsprintf
                0x00000000c0006a1a                sprintf
                0x00000000c0006a58                printf
 .text          0x00000000c0006ae4      0xf1f build/ide.o
                0x00000000c0006e82                ide_read
                0x00000000c000701b                ide_write
                0x00000000c00076e6                intr_hd_handler
                0x00000000c00077c2                ide_init
 .text          0x00000000c0007a03       0x78 build/stdio-kernel.o
                0x00000000c0007a03                printk
 .text          0x00000000c0007a7b     0x243b build/fs.o
                0x00000000c0008246                path_parse
                0x00000000c00082a6                path_depth_cnt
                0x00000000c00085c3                sys_open
                0x00000000c000889f                sys_close
                0x00000000c0008912                sys_write
                0x00000000c0008a1e                sys_read
                0x00000000c0008b27                sys_lseek
                0x00000000c0008c31                sys_unlink
                0x00000000c0008eae                sys_mkdir
                0x00000000c00092d9                sys_opendir
                0x00000000c00093f4                sys_closedir
                0x00000000c0009435                sys_readdir
                0x00000000c0009486                sys_rewindir
                0x00000000c00094a4                sys_rmdir
                0x00000000c0009875                sys_getcwd
                0x00000000c0009a6f                sys_chdir
                0x00000000c0009b11                sys_stat
                0x00000000c0009c5c                sys_putchar
                0x00000000c0009c92                filesys_init
 .text          0x00000000c0009eb6      0x788 build/inode.o
                0x00000000c0009f6a                inode_sync
                0x00000000c000a0aa                inode_open
                0x00000000c000a202                inode_close
                0x00000000c000a291                inode_delete
                0x00000000c000a38c                inode_release
                0x00000000c000a5d9                inode_init
 .text          0x00000000c000a63e     0x12f6 build/file.o
                0x00000000c000a63e                get_free_slot_in_global
                0x00000000c000a6b0                pcb_fd_install
                0x00000000c000a732                inode_bitmap_alloc
                0x00000000c000a78c                block_bitmap_alloc
                0x00000000c000a7f1                bitmap_sync
                0x00000000c000a88e                file_create
                0x00000000c000aba4                file_open
                0x00000000c000acef                file_close
                0x00000000c000ad46                file_write
                0x00000000c000b5a8                file_read
 .text          0x00000000c000b934      0xf0e build/dir.o
                0x00000000c000b934                open_root_dir
                0x00000000c000b97d                dir_open
                0x00000000c000b9ce                search_dir_entry
                0x00000000c000bbbb                dir_close
                0x00000000c000bc03                create_dir_entry
                0x00000000c000bc8b                sync_dir_entry
                0x00000000c000c089                delete_dir_entry
                0x00000000c000c52b                dir_read
                0x00000000c000c713                dir_is_empty
                0x00000000c000c746                dir_remove
 .text          0x00000000c000c842      0x553 build/fork.o
                0x00000000c000cc45                sys_fork
 .text          0x00000000c000cd95      0x5ad build/shell.o
                0x00000000c000cd95                print_prompt
                0x00000000c000cfb7                myshell
 .text          0x00000000c000d342      0xa54 build/buildin_cmd.o
                0x00000000c000d4d5                make_clear_abs_path
                0x00000000c000d5ac                buildin_pwd
                0x00000000c000d629                buildin_cd
                0x00000000c000d6d6                buildin_ls
                0x00000000c000db09                buildin_ps
                0x00000000c000db46                buildin_clear
                0x00000000c000db83                buildin_mkdir
                0x00000000c000dc34                buildin_rmdir
                0x00000000c000dce5                buildin_rm
 .text          0x00000000c000dd96      0x371 build/exec.o
                0x00000000c000e049                sys_execv
 *(.gnu.warning)

.fini
 *(SORT_NONE(.fini))
                [!provide]                        PROVIDE (__etext = .)
                [!provide]                        PROVIDE (_etext = .)
                [!provide]                        PROVIDE (etext = .)
                0x00000000c000f000                . = ALIGN (CONSTANT (MAXPAGESIZE))
                0x00000000c000f000                . = SEGMENT_START ("rodata-segment", (ALIGN (CONSTANT (MAXPAGESIZE)) + (. & (CONSTANT (MAXPAGESIZE) - 0x1))))

.rodata         0x00000000c000f000     0x2896
 *(.rodata .rodata.* .gnu.linkonce.r.*)
 .rodata        0x00000000c000f000       0xc1 build/main.o
 .rodata        0x00000000c000f0c1        0xb build/init.o
 .rodata        0x00000000c000f0cc      0x2cc build/interrupt.o
 .rodata        0x00000000c000f398       0x88 build/timer.o
 .rodata        0x00000000c000f420       0x4d build/debug.o
 *fill*         0x00000000c000f46d        0x3 
 .rodata        0x00000000c000f470      0x415 build/memory.o
 *fill*         0x00000000c000f885        0x3 
 .rodata        0x00000000c000f888       0x67 build/bitmap.o
 *fill*         0x00000000c000f8ef        0x1 
 .rodata        0x00000000c000f8f0       0xc4 build/string.o
 .rodata        0x00000000c000f9b4      0x37d build/thread.o
 *fill*         0x00000000c000fd31        0x3 
 .rodata        0x00000000c000fd34      0x135 build/sync.o
 .rodata        0x00000000c000fe69       0x36 build/keyboard.o
 *fill*         0x00000000c000fe9f        0x1 
 .rodata        0x00000000c000fea0       0xa8 build/ioqueue.o
 .rodata        0x00000000c000ff48       0x1f build/tss.o
 *fill*         0x00000000c000ff67        0x1 
 .rodata        0x00000000c000ff68      0x108 build/process.o
 .rodata        0x00000000c0010070       0x27 build/syscall-init.o
 *fill*         0x00000000c0010097        0x1 
 .rodata        0x00000000c0010098      0x1f9 build/ide.o
 *fill*         0x00000000c0010291        0x3 
 .rodata        0x00000000c0010294      0x9fd build/fs.o
 *fill*         0x00000000c0010c91        0x3 
 .rodata        0x00000000c0010c94       0xc2 build/inode.o
 *fill*         0x00000000c0010d56        0x2 
 .rodata        0x00000000c0010d58      0x3b6 build/file.o
 *fill*         0x00000000c001110e        0x2 
 .rodata        0x00000000c0011110      0x24f build/dir.o
 *fill*         0x00000000c001135f        0x1 
 .rodata        0x00000000c0011360      0x115 build/fork.o
 *fill*         0x00000000c0011475        0x3 
 .rodata        0x00000000c0011478      0x122 build/shell.o
 *fill*         0x00000000c001159a        0x2 
 .rodata        0x00000000c001159c      0x2f2 build/buildin_cmd.o
 .rodata        0x00000000c001188e        0x8 build/exec.o

.rodata1
 *(.rodata1)

.eh_frame_hdr
 *(.eh_frame_hdr)
 *(.eh_frame_entry .eh_frame_entry.*)

.eh_frame       0x00000000c0011898     0x2218
 *(.eh_frame)
 .eh_frame      0x00000000c0011898       0x94 build/main.o
 .eh_frame      0x00000000c001192c       0x24 build/init.o
                                         0x50 (size before relaxing)
 .eh_frame      0x00000000c0011950      0x1b4 build/interrupt.o
                                        0x1e0 (size before relaxing)
 .eh_frame      0x00000000c0011b04       0xf0 build/timer.o
                                        0x130 (size before relaxing)
 .eh_frame      0x00000000c0011bf4       0x1c build/debug.o
                                         0x48 (size before relaxing)
 .eh_frame      0x00000000c0011c10      0x2fc build/memory.o
                                        0x33c (size before relaxing)
 .eh_frame      0x00000000c0011f0c       0x90 build/bitmap.o
                                         0xbc (size before relaxing)
 .eh_frame      0x00000000c0011f9c      0x168 build/string.o
                                        0x194 (size before relaxing)
 .eh_frame      0x00000000c0012104      0x264 build/thread.o
                                        0x2a4 (size before relaxing)
 .eh_frame      0x00000000c0012368      0x148 build/list.o
                                        0x188 (size before relaxing)
 .eh_frame      0x00000000c00124b0       0xd8 build/console.o
                                        0x118 (size before relaxing)
 .eh_frame      0x00000000c0012588       0xdc build/sync.o
                                        0x11c (size before relaxing)
 .eh_frame      0x00000000c0012664       0x68 build/keyboard.o
                                         0xa8 (size before relaxing)
 .eh_frame      0x00000000c00126cc      0x11c build/ioqueue.o
                                        0x15c (size before relaxing)
 .eh_frame      0x00000000c00127e8       0x6c build/tss.o
                                         0xac (size before relaxing)
 .eh_frame      0x00000000c0012854       0xd8 build/process.o
                                        0x118 (size before relaxing)
 .eh_frame      0x00000000c001292c      0x32c build/syscall.o
                                        0x358 (size before relaxing)
 .eh_frame      0x00000000c0012c58       0x48 build/syscall-init.o
                                         0x88 (size before relaxing)
 .eh_frame      0x00000000c0012ca0       0x90 build/stdio.o
                                         0xd0 (size before relaxing)
 .eh_frame      0x00000000c0012d30      0x27c build/ide.o
                                        0x2bc (size before relaxing)
 .eh_frame      0x00000000c0012fac       0x28 build/stdio-kernel.o
                                         0x54 (size before relaxing)
 .eh_frame      0x00000000c0012fd4      0x3ac build/fs.o
                                        0x3ec (size before relaxing)
 .eh_frame      0x00000000c0013380      0x100 build/inode.o
                                        0x140 (size before relaxing)
 .eh_frame      0x00000000c0013480      0x178 build/file.o
                                        0x1cc (size before relaxing)
 .eh_frame      0x00000000c00135f8      0x17c build/dir.o
                                        0x1bc (size before relaxing)
 .eh_frame      0x00000000c0013774       0xd4 build/fork.o
                                        0x128 (size before relaxing)
 .eh_frame      0x00000000c0013848       0x88 build/shell.o
                                         0xc8 (size before relaxing)
 .eh_frame      0x00000000c00138d0      0x174 build/buildin_cmd.o
                                        0x1b4 (size before relaxing)
 .eh_frame      0x00000000c0013a44       0x6c build/exec.o
                                         0x98 (size before relaxing)
 *(.eh_frame.*)

.gcc_except_table
 *(.gcc_except_table .gcc_except_table.*)

.gnu_extab
 *(.gnu_extab*)

.exception_ranges
 *(.exception_ranges*)
                0x00000000c0015000                . = DATA_SEGMENT_ALIGN (CONSTANT (MAXPAGESIZE), CONSTANT (COMMONPAGESIZE))

.eh_frame
 *(.eh_frame)
 *(.eh_frame.*)

.gnu_extab
 *(.gnu_extab)

.gcc_except_table
 *(.gcc_except_table .gcc_except_table.*)

.exception_ranges
 *(.exception_ranges*)

.tdata          0x00000000c0015000        0x0
                [!provide]                        PROVIDE (__tdata_start = .)
 *(.tdata .tdata.* .gnu.linkonce.td.*)

.tbss
 *(.tbss .tbss.* .gnu.linkonce.tb.*)
 *(.tcommon)

.preinit_array  0x00000000c0015000        0x0
                [!provide]                        PROVIDE (__preinit_array_start = .)
 *(.preinit_array)
                [!provide]                        PROVIDE (__preinit_array_end = .)

.init_array     0x00000000c0015000        0x0
                [!provide]                        PROVIDE (__init_array_start = .)
 *(SORT_BY_INIT_PRIORITY(.init_array.*) SORT_BY_INIT_PRIORITY(.ctors.*))
 *(.init_array EXCLUDE_FILE(*crtend?.o *crtend.o *crtbegin?.o *crtbegin.o) .ctors)
                [!provide]                        PROVIDE (__init_array_end = .)

.fini_array     0x00000000c0015000        0x0
                [!provide]                        PROVIDE (__fini_array_start = .)
 *(SORT_BY_INIT_PRIORITY(.fini_array.*) SORT_BY_INIT_PRIORITY(.dtors.*))
 *(.fini_array EXCLUDE_FILE(*crtend?.o *crtend.o *crtbegin?.o *crtbegin.o) .dtors)
                [!provide]                        PROVIDE (__fini_array_end = .)

.ctors
 *crtbegin.o(.ctors)
 *crtbegin?.o(.ctors)
 *(EXCLUDE_FILE(*crtend?.o *crtend.o) .ctors)
 *(SORT_BY_NAME(.ctors.*))
 *(.ctors)

.dtors
 *crtbegin.o(.dtors)
 *crtbegin?.o(.dtors)
 *(EXCLUDE_FILE(*crtend?.o *crtend.o) .dtors)
 *(SORT_BY_NAME(.dtors.*))
 *(.dtors)

.jcr
 *(.jcr)

.data.rel.ro
 *(.data.rel.ro.local* .gnu.linkonce.d.rel.ro.local.*)
 *(.data.rel.ro .data.rel.ro.* .gnu.linkonce.d.rel.ro.*)

.dynamic
 *(.dynamic)

.got            0x00000000c0015000        0x0
 *(.got)
 .got           0x00000000c0015000        0x0 build/main.o
 *(.igot)
                0x00000000c0015ff4                . = DATA_SEGMENT_RELRO_END (., (SIZEOF (.got.plt) >= 0xc)?0xc:0x0)

.got.plt        0x00000000c0015000        0xc
 *(.got.plt)
 .got.plt       0x00000000c0015000        0xc build/main.o
                0x00000000c0015000                _GLOBAL_OFFSET_TABLE_
 *(.igot.plt)
 .igot.plt      0x00000000c001500c        0x0 build/main.o

.data           0x00000000c0015020      0x156
 *(.data .data.* .gnu.linkonce.d.*)
 .data          0x00000000c0015020        0x0 build/main.o
 .data          0x00000000c0015020        0x0 build/init.o
 .data          0x00000000c0015020        0x0 build/interrupt.o
 .data          0x00000000c0015020        0x0 build/timer.o
 .data          0x00000000c0015020       0xc0 build/kernel.o
                0x00000000c0015020                intr_entry_table
 .data          0x00000000c00150e0        0x8 build/print.o
 .data          0x00000000c00150e8        0x0 build/debug.o
 .data          0x00000000c00150e8        0x0 build/memory.o
 .data          0x00000000c00150e8        0x0 build/bitmap.o
 .data          0x00000000c00150e8        0x0 build/string.o
 .data          0x00000000c00150e8        0x0 build/thread.o
 .data          0x00000000c00150e8        0x0 build/list.o
 .data          0x00000000c00150e8        0x0 build/console.o
 .data          0x00000000c00150e8        0x0 build/sync.o
 *fill*         0x00000000c00150e8       0x18 
 .data          0x00000000c0015100       0x76 build/keyboard.o
 .data          0x00000000c0015176        0x0 build/ioqueue.o
 .data          0x00000000c0015176        0x0 build/tss.o
 .data          0x00000000c0015176        0x0 build/process.o
 .data          0x00000000c0015176        0x0 build/syscall.o
 .data          0x00000000c0015176        0x0 build/syscall-init.o
 .data          0x00000000c0015176        0x0 build/stdio.o
 .data          0x00000000c0015176        0x0 build/ide.o
 .data          0x00000000c0015176        0x0 build/stdio-kernel.o
 .data          0x00000000c0015176        0x0 build/fs.o
 .data          0x00000000c0015176        0x0 build/inode.o
 .data          0x00000000c0015176        0x0 build/file.o
 .data          0x00000000c0015176        0x0 build/dir.o
 .data          0x00000000c0015176        0x0 build/fork.o
 .data          0x00000000c0015176        0x0 build/shell.o
 .data          0x00000000c0015176        0x0 build/buildin_cmd.o
 .data          0x00000000c0015176        0x0 build/exec.o

.data1
 *(.data1)
                0x00000000c0015176                _edata = .
                [!provide]                        PROVIDE (edata = .)
                0x00000000c0015176                . = .
                0x00000000c0015176                __bss_start = .

.bss            0x00000000c0015180     0x1f20
 *(.dynbss)
 *(.bss .bss.* .gnu.linkonce.b.*)
 .bss           0x00000000c0015180        0x0 build/main.o
 .bss           0x00000000c0015180        0x0 build/init.o
 .bss           0x00000000c0015180      0x408 build/interrupt.o
 .bss           0x00000000c0015588        0x0 build/timer.o
 .bss           0x00000000c0015588        0x0 build/debug.o
 .bss           0x00000000c0015588        0x0 build/memory.o
 .bss           0x00000000c0015588        0x0 build/bitmap.o
 .bss           0x00000000c0015588        0x0 build/string.o
 .bss           0x00000000c0015588        0x2 build/thread.o
 .bss           0x00000000c001558a        0x0 build/list.o
 *fill*         0x00000000c001558a        0x2 
 .bss           0x00000000c001558c       0x1c build/console.o
 .bss           0x00000000c00155a8        0x0 build/sync.o
 .bss           0x00000000c00155a8       0x14 build/keyboard.o
 .bss           0x00000000c00155bc        0x0 build/ioqueue.o
 *fill*         0x00000000c00155bc        0x4 
 .bss           0x00000000c00155c0       0x6c build/tss.o
 .bss           0x00000000c001562c        0x0 build/process.o
 .bss           0x00000000c001562c        0x0 build/syscall.o
 .bss           0x00000000c001562c        0x0 build/syscall-init.o
 .bss           0x00000000c001562c        0x0 build/stdio.o
 .bss           0x00000000c001562c        0x6 build/ide.o
                0x00000000c001562c                ext_lba_base
                0x00000000c0015630                p_no
                0x00000000c0015631                l_no
 .bss           0x00000000c0015632        0x0 build/stdio-kernel.o
 .bss           0x00000000c0015632        0x0 build/fs.o
 .bss           0x00000000c0015632        0x0 build/inode.o
 .bss           0x00000000c0015632        0x0 build/file.o
 .bss           0x00000000c0015632        0x0 build/dir.o
 .bss           0x00000000c0015632        0x0 build/fork.o
 *fill*         0x00000000c0015632        0xe 
 .bss           0x00000000c0015640      0x2c0 build/shell.o
                0x00000000c0015640                final_path
                0x00000000c0015840                cwd_cache
 .bss           0x00000000c0015900        0x0 build/buildin_cmd.o
 .bss           0x00000000c0015900        0x0 build/exec.o
 *(COMMON)
 COMMON         0x00000000c0015900      0x424 build/interrupt.o
                0x00000000c0015900                intr_name
                0x00000000c0015b20                idt_table
 COMMON         0x00000000c0015d24        0x4 build/timer.o
                0x00000000c0015d24                ticks
 *fill*         0x00000000c0015d28       0x18 
 COMMON         0x00000000c0015d40      0x12c build/memory.o
                0x00000000c0015d40                user_pool
                0x00000000c0015d80                k_block_desc
                0x00000000c0015e28                kernel_vaddr
                0x00000000c0015e40                kernel_pool
 COMMON         0x00000000c0015e6c       0x48 build/thread.o
                0x00000000c0015e6c                thread_ready_list
                0x00000000c0015e7c                thread_all_list
                0x00000000c0015e8c                idle_thread
                0x00000000c0015e90                main_thread
                0x00000000c0015e94                thread_tag
                0x00000000c0015e98                pid_lock
 *fill*         0x00000000c0015eb4        0xc 
 COMMON         0x00000000c0015ec0       0x6c build/keyboard.o
                0x00000000c0015ec0                kbd_buf
 *fill*         0x00000000c0015f2c       0x14 
 COMMON         0x00000000c0015f40       0x80 build/syscall-init.o
                0x00000000c0015f40                syscall_table
 COMMON         0x00000000c0015fc0      0xcf0 build/ide.o
                0x00000000c0015fc0                channel_cnt
                0x00000000c0015fe0                channels
                0x00000000c0016ca0                partition_list
 COMMON         0x00000000c0016cb0        0x4 build/fs.o
                0x00000000c0016cb0                cur_part
 *fill*         0x00000000c0016cb4        0xc 
 COMMON         0x00000000c0016cc0      0x180 build/file.o
                0x00000000c0016cc0                file_table
 COMMON         0x00000000c0016e40      0x208 build/dir.o
                0x00000000c0016e40                root_dir
 *fill*         0x00000000c0017048       0x18 
 COMMON         0x00000000c0017060       0x40 build/shell.o
                0x00000000c0017060                argv
                0x00000000c00170a0                . = ALIGN ((. != 0x0)?0x4:0x1)
                0x00000000c00170a0                . = ALIGN (0x4)
                0x00000000c00170a0                . = SEGMENT_START ("ldata-segment", .)
                0x00000000c00170a0                . = ALIGN (0x4)
                0x00000000c00170a0                _end = .
                [!provide]                        PROVIDE (end = .)
                0x00000000c00170a0                . = DATA_SEGMENT_END (.)

.stab
 *(.stab)

.stabstr
 *(.stabstr)

.stab.excl
 *(.stab.excl)

.stab.exclstr
 *(.stab.exclstr)

.stab.index
 *(.stab.index)

.stab.indexstr
 *(.stab.indexstr)

.comment        0x0000000000000000       0x2a
 *(.comment)
 .comment       0x0000000000000000       0x2a build/main.o
                                         0x2b (size before relaxing)
 .comment       0x000000000000002a       0x2b build/init.o
 .comment       0x000000000000002a       0x2b build/interrupt.o
 .comment       0x000000000000002a       0x2b build/timer.o
 .comment       0x000000000000002a       0x2b build/debug.o
 .comment       0x000000000000002a       0x2b build/memory.o
 .comment       0x000000000000002a       0x2b build/bitmap.o
 .comment       0x000000000000002a       0x2b build/string.o
 .comment       0x000000000000002a       0x2b build/thread.o
 .comment       0x000000000000002a       0x2b build/list.o
 .comment       0x000000000000002a       0x2b build/console.o
 .comment       0x000000000000002a       0x2b build/sync.o
 .comment       0x000000000000002a       0x2b build/keyboard.o
 .comment       0x000000000000002a       0x2b build/ioqueue.o
 .comment       0x000000000000002a       0x2b build/tss.o
 .comment       0x000000000000002a       0x2b build/process.o
 .comment       0x000000000000002a       0x2b build/syscall.o
 .comment       0x000000000000002a       0x2b build/syscall-init.o
 .comment       0x000000000000002a       0x2b build/stdio.o
 .comment       0x000000000000002a       0x2b build/ide.o
 .comment       0x000000000000002a       0x2b build/stdio-kernel.o
 .comment       0x000000000000002a       0x2b build/fs.o
 .comment       0x000000000000002a       0x2b build/inode.o
 .comment       0x000000000000002a       0x2b build/file.o
 .comment       0x000000000000002a       0x2b build/dir.o
 .comment       0x000000000000002a       0x2b build/fork.o
 .comment       0x000000000000002a       0x2b build/shell.o
 .comment       0x000000000000002a       0x2b build/buildin_cmd.o
 .comment       0x000000000000002a       0x2b build/exec.o

.gnu.build.attributes
 *(.gnu.build.attributes .gnu.build.attributes.*)

.debug
 *(.debug)

.line
 *(.line)

.debug_srcinfo
 *(.debug_srcinfo)

.debug_sfnames
 *(.debug_sfnames)

.debug_aranges
 *(.debug_aranges)

.debug_pubnames
 *(.debug_pubnames)

.debug_info
 *(.debug_info .gnu.linkonce.wi.*)

.debug_abbrev
 *(.debug_abbrev)

.debug_line
 *(.debug_line .debug_line.* .debug_line_end)

.debug_frame
 *(.debug_frame)

.debug_str
 *(.debug_str)

.debug_loc
 *(.debug_loc)

.debug_macinfo
 *(.debug_macinfo)

.debug_weaknames
 *(.debug_weaknames)

.debug_funcnames
 *(.debug_funcnames)

.debug_typenames
 *(.debug_typenames)

.debug_varnames
 *(.debug_varnames)

.debug_pubtypes
 *(.debug_pubtypes)

.debug_ranges
 *(.debug_ranges)

.debug_macro
 *(.debug_macro)

.debug_addr
 *(.debug_addr)

.gnu.attributes
 *(.gnu.attributes)

/DISCARD/
 *(.note.GNU-stack)
 *(.gnu_debuglink)
 *(.gnu.lto_*)
OUTPUT(build/kernel.bin elf32-i386)
